[0m10:09:27.867807 [debug] [MainThread]: Sending event: {'category': 'dbt', 'action': 'invocation', 'label': 'start', 'context': [<snowplow_tracker.self_describing_json.SelfDescribingJson object at 0x0000020B6DC13A50>, <snowplow_tracker.self_describing_json.SelfDescribingJson object at 0x0000020B726ECF10>, <snowplow_tracker.self_describing_json.SelfDescribingJson object at 0x0000020B726ECE10>]}


============================== 10:09:27.882333 | fcfecd52-9497-4ddc-8f4b-334696c2019c ==============================
[0m10:09:27.882333 [info ] [MainThread]: Running with dbt=1.12.0
[0m10:09:27.883932 [debug] [MainThread]: running dbt with arguments {'version_check': 'True', 'no_print': 'None', 'maximum_seed_size_mib': '1', 'warn_error_options': 'WarnErrorOptionsV2(error=[], warn=[], silence=[])', 'static_parser': 'True', 'target_path': 'None', 'printer_width': '80', 'write_json': 'True', 'empty': 'None', 'log_cache_events': 'False', 'introspect': 'True', 'cache_selected_only': 'False', 'log_format': 'default', 'debug': 'False', 'fail_fast': 'False', 'profiles_dir': 'C:\\Users\\lenovo\\.dbt', 'send_anonymous_usage_stats': 'True', 'quiet': 'False', 'warn_error': 'None', 'partial_parse': 'True', 'invocation_command': 'dbt init', 'hints_enabled': 'True', 'use_colors': 'True', 'use_experimental_parser': 'False', 'indirect_selection': 'eager', 'log_path': 'logs'}
[0m10:09:57.487083 [debug] [MainThread]: Starter project path: C:\Users\lenovo\Documents\Data_Engineering\Portfolio\Data-Migration-from-MySQL-Database-to-Migration-with-Full-CI-CD-Pipeline\.venv\Lib\site-packages\dbt\include\starter_project
[0m10:09:57.632072 [info ] [MainThread]: Setting up your profile.
[0m10:10:04.300830 [debug] [MainThread]: Snowflake adapter: Setting snowflake.connector to ERROR (file logging only)
[0m10:10:04.301837 [debug] [MainThread]: Snowflake adapter: Setting botocore to ERROR (file logging only)
[0m10:10:04.305832 [debug] [MainThread]: Snowflake adapter: Setting boto3 to ERROR (file logging only)
[0m10:19:02.213655 [info ] [MainThread]: Profile dbt_olist_data_model written to C:\Users\lenovo\.dbt\profiles.yml using target's profile_template.yml and your supplied values.
[0m10:19:02.268646 [info ] [MainThread]: Running dbt debug to validate the project...
[0m10:19:02.276652 [info ] [MainThread]: dbt version: 1.12.0
[0m10:19:02.281658 [info ] [MainThread]: python version: 3.11.4
[0m10:19:02.287766 [info ] [MainThread]: python path: C:\Users\lenovo\Documents\Data_Engineering\Portfolio\Data-Migration-from-MySQL-Database-to-Migration-with-Full-CI-CD-Pipeline\.venv\Scripts\python.exe
[0m10:19:02.293649 [info ] [MainThread]: os info: Windows-10-10.0.22000-SP0
[0m10:19:02.548647 [info ] [MainThread]: Using profiles dir at C:\Users\lenovo\.dbt
[0m10:19:02.560646 [info ] [MainThread]: Using profiles.yml file at C:\Users\lenovo\.dbt\profiles.yml
[0m10:19:02.569646 [info ] [MainThread]: Using dbt_project.yml file at C:\Users\lenovo\Documents\Data_Engineering\Portfolio\Data-Migration-from-MySQL-Database-to-Migration-with-Full-CI-CD-Pipeline\dbt_olist_data_model\dbt_project.yml
[0m10:19:02.587646 [info ] [MainThread]: adapter type: snowflake
[0m10:19:02.590706 [info ] [MainThread]: adapter version: 1.12.0
[0m10:19:02.975784 [info ] [MainThread]: Configuration:
[0m10:19:02.977492 [info ] [MainThread]:   profiles.yml file [[32mOK found and valid[0m]
[0m10:19:02.979493 [info ] [MainThread]:   dbt_project.yml file [[32mOK found and valid[0m]
[0m10:19:02.981492 [info ] [MainThread]: Required dependencies:
[0m10:19:02.984493 [debug] [MainThread]: Executing "git --help"
[0m10:19:03.156495 [debug] [MainThread]: STDOUT: "b"usage: git [-v | --version] [-h | --help] [-C <path>] [-c <name>=<value>]\n           [--exec-path[=<path>]] [--html-path] [--man-path] [--info-path]\n           [-p | --paginate | -P | --no-pager] [--no-replace-objects] [--no-lazy-fetch]\n           [--no-optional-locks] [--no-advice] [--bare] [--git-dir=<path>]\n           [--work-tree=<path>] [--namespace=<name>] [--config-env=<name>=<envvar>]\n           <command> [<args>]\n\nThese are common Git commands used in various situations:\n\nstart a working area (see also: git help tutorial)\n   clone      Clone a repository into a new directory\n   init       Create an empty Git repository or reinitialize an existing one\n\nwork on the current change (see also: git help everyday)\n   add        Add file contents to the index\n   mv         Move or rename a file, a directory, or a symlink\n   restore    Restore working tree files\n   rm         Remove files from the working tree and from the index\n\nexamine the history and state (see also: git help revisions)\n   bisect     Use binary search to find the commit that introduced a bug\n   diff       Show changes between commits, commit and working tree, etc\n   grep       Print lines matching a pattern\n   log        Show commit logs\n   show       Show various types of objects\n   status     Show the working tree status\n\ngrow, mark and tweak your common history\n   backfill   Download missing objects in a partial clone\n   branch     List, create, or delete branches\n   commit     Record changes to the repository\n   merge      Join two or more development histories together\n   rebase     Reapply commits on top of another base tip\n   reset      Reset current HEAD to the specified state\n   switch     Switch branches\n   tag        Create, list, delete or verify a tag object signed with GPG\n\ncollaborate (see also: git help workflows)\n   fetch      Download objects and refs from another repository\n   pull       Fetch from and integrate with another repository or a local branch\n   push       Update remote refs along with associated objects\n\n'git help -a' and 'git help -g' list available subcommands and some\nconcept guides. See 'git help <command>' or 'git help <concept>'\nto read about a specific subcommand or concept.\nSee 'git help git' for an overview of the system.\n""
[0m10:19:03.159494 [debug] [MainThread]: STDERR: "b''"
[0m10:19:03.161757 [info ] [MainThread]:  - git [[32mOK found[0m]

[0m10:19:03.164494 [info ] [MainThread]: Connection:
[0m10:19:03.166493 [info ] [MainThread]:   account: PZNACVM-HR69564
[0m10:19:03.169494 [info ] [MainThread]:   user: IYKE34
[0m10:19:03.172491 [info ] [MainThread]:   database: OLIST_DW
[0m10:19:03.174494 [info ] [MainThread]:   warehouse: COMPUTE_WH
[0m10:19:03.178495 [info ] [MainThread]:   role: ACCOUNTADMIN
[0m10:19:03.187495 [info ] [MainThread]:   schema: DBT_SCHEMA
[0m10:19:03.188490 [info ] [MainThread]:   authenticator: None
[0m10:19:03.191497 [info ] [MainThread]:   oauth_client_id: None
[0m10:19:03.197498 [info ] [MainThread]:   query_tag: None
[0m10:19:03.201492 [info ] [MainThread]:   client_session_keep_alive: False
[0m10:19:03.204496 [info ] [MainThread]:   host: None
[0m10:19:03.217042 [info ] [MainThread]:   port: None
[0m10:19:03.318727 [info ] [MainThread]:   proxy_host: None
[0m10:19:03.488492 [info ] [MainThread]:   proxy_port: None
[0m10:19:03.546494 [info ] [MainThread]:   protocol: None
[0m10:19:03.619878 [info ] [MainThread]:   connect_retries: 1
[0m10:19:03.652879 [info ] [MainThread]:   connect_timeout: None
[0m10:19:03.669882 [info ] [MainThread]:   retry_on_database_errors: False
[0m10:19:03.674879 [info ] [MainThread]:   retry_all: False
[0m10:19:03.683883 [info ] [MainThread]:   insecure_mode: False
[0m10:19:03.688880 [info ] [MainThread]:   reuse_connections: True
[0m10:19:03.704880 [info ] [MainThread]:   s3_stage_vpce_dns_name: None
[0m10:19:03.715882 [info ] [MainThread]:   workload_identity_provider: None
[0m10:19:03.739406 [info ] [MainThread]:   workload_identity_entra_resource: None
[0m10:19:03.749448 [info ] [MainThread]:   platform_detection_timeout_seconds: 0.0
[0m10:19:03.753451 [info ] [MainThread]: Registered adapter: snowflake=1.12.0
[0m10:19:05.154746 [debug] [MainThread]: Acquiring new snowflake connection 'debug'
[0m10:19:05.171744 [debug] [MainThread]: Using snowflake connection "debug"
[0m10:19:05.173745 [debug] [MainThread]: On debug: select 1 as id
[0m10:19:05.177278 [debug] [MainThread]: Opening a new connection, currently in state init
[0m10:19:18.402375 [debug] [MainThread]: SQL status: SUCCESS 1 in 13.225 seconds
[0m10:19:18.406373 [info ] [MainThread]:   Connection test: [[32mOK connection ok[0m]

[0m10:19:18.442626 [info ] [MainThread]: [32mAll checks passed![0m
[0m10:19:18.452375 [info ] [MainThread]: Your new dbt project "dbt_olist_data_model" was created!
Initialized new project in C:\Users\lenovo\Documents\Data_Engineering\Portfolio\Data-Migration-from-MySQL-Database-to-Migration-with-Full-CI-CD-Pipeline\dbt_olist_data_model\dbt_olist_data_model

For more information on how to configure the profiles.yml file,
please consult the dbt documentation here:

  https://docs.getdbt.com/docs/configure-your-profile

One more thing:

Need help? Don't hesitate to reach out to us via GitHub issues or on Slack:

  https://community.getdbt.com/

Happy modeling!

[0m10:19:18.484442 [debug] [MainThread]: Command `dbt init` succeeded at 10:19:18.483377 after 590.98 seconds
[0m10:19:18.492373 [debug] [MainThread]: Connection 'debug' was left open.
[0m10:19:18.494372 [debug] [MainThread]: On debug: Close
[0m10:19:19.125172 [debug] [MainThread]: Sending event: {'category': 'dbt', 'action': 'invocation', 'label': 'end', 'context': [<snowplow_tracker.self_describing_json.SelfDescribingJson object at 0x0000020B75253D10>, <snowplow_tracker.self_describing_json.SelfDescribingJson object at 0x0000020B75253C90>, <snowplow_tracker.self_describing_json.SelfDescribingJson object at 0x0000020B73C55E50>]}
[0m10:19:19.126174 [debug] [MainThread]: Flushing usage events
[0m10:19:23.208286 [debug] [MainThread]: An error was encountered while trying to flush usage events
